
> swipess@1.0.0 build
> vite build

[36mvite v5.4.21 [32mbuilding for production...[36m[39m
transforming...
[32mÔ£ô[39m 3706 modules transformed.
node.exe : node_modules/lottie-web/build/player/lottie.js 
(14422:32): Use of eval in 
"node_modules/lottie-web/build/player/lottie.js" is 
strongly discouraged as it poses security risks and may 
cause issues with minification.
En línea: 1 Carácter: 1
+ & "C:\Program Files\nodejs/node.exe" "C:\Program 
Files\nodejs/node_mo ...
+ ~~~~~~~~~~~~~~~~~~~~~~~~~~~~~~~~~~~~~~~~~~~~~~~~~~~~~~~~~~
~~~~~~~~~~~
    + CategoryInfo          : NotSpecified: (node_modules/l 
   o...h minification.:String) [], RemoteException
    + FullyQualifiedErrorId : NativeCommandError
 
rendering chunks...
[1m[33m[plugin:vite:reporter][39m[22m [33m[plugin 
vite:reporter] 
(!) C:/Users/delag/Downloads/swipess-main/src/utils/cacheMan
ager.ts is dynamically imported by 
C:/Users/delag/Downloads/swipess-main/src/main.tsx but also 
statically imported by C:/Users/delag/Downloads/swipess-main
/src/components/LegendaryLandingPage.tsx, dynamic import 
will not move module into another chunk.
[39m
[CSS Optimization] Large CSS file detected: assets/index-C1J1FsH4.css (292KB)
computing gzip size...
[2mdist/public/[22m[32mindex.html                                       [39m[1m[2m   11.99 kB[22m[1m[22m[2m Ôöé gzip:   3.51 kB[22m
[2mdist/public/[22m[35massets/index-C1J1FsH4.css                        [39m[1m[2m  299.48 kB[22m[1m[22m[2m Ôöé gzip:  43.18 kB[22m
[2mdist/public/[22m[36massets/performance-CzDncq4c.js                   [39m[1m[2m    0.04 kB[22m[1m[22m[2m Ôöé gzip:   0.06 kB[22m
[2mdist/public/[22m[36massets/useToast-CPvlblva.js                      [39m[1m[2m    0.08 kB[22m[1m[22m[2m Ôöé gzip:   0.10 kB[22m
[2mdist/public/[22m[36massets/subscriptionPricing-kofxusyu.js           [39m[1m[2m    0.14 kB[22m[1m[22m[2m Ôöé gzip:   0.14 kB[22m
[2mdist/public/[22m[36massets/microPolish-ogiKX5fo.js                   [39m[1m[2m    0.23 kB[22m[1m[22m[2m Ôöé gzip:   0.17 kB[22m
[2mdist/public/[22m[36massets/directMessaging-BghEc9Ak.js               [39m[1m[2m    0.26 kB[22m[1m[22m[2m Ôöé gzip:   0.21 kB[22m
[2mdist/public/[22m[36massets/label-0DFdFgJz.js                         [39m[1m[2m    0.40 kB[22m[1m[22m[2m Ôöé gzip:   0.28 kB[22m
[2mdist/public/[22m[36massets/separator-DNFAzqqI.js                     [39m[1m[2m    0.41 kB[22m[1m[22m[2m Ôöé gzip:   0.29 kB[22m
[2mdist/public/[22m[36massets/useUserRole-CBYe4C4F.js                   [39m[1m[2m    0.42 kB[22m[1m[22m[2m Ôöé gzip:   0.31 kB[22m
[2mdist/public/[22m[36massets/progress-DsyqZyv5.js                      [39m[1m[2m    0.47 kB[22m[1m[22m[2m Ôöé gzip:   0.33 kB[22m
[2mdist/public/[22m[36massets/MotorcycleIcon-hJjTQSWo.js                [39m[1m[2m    0.53 kB[22m[1m[22m[2m Ôöé gzip:   0.33 kB[22m
[2mdist/public/[22m[36massets/timeFormatter-Z2CktJ6E.js                 [39m[1m[2m    0.53 kB[22m[1m[22m[2m Ôöé gzip:   0.35 kB[22m
[2mdist/public/[22m[36massets/textarea-B9jCI7a9.js                      [39m[1m[2m    0.54 kB[22m[1m[22m[2m Ôöé gzip:   0.38 kB[22m
[2mdist/public/[22m[36massets/avatar-CMR6vknJ.js                        [39m[1m[2m    0.68 kB[22m[1m[22m[2m Ôöé gzip:   0.34 kB[22m
[2mdist/public/[22m[36massets/performanceMonitor-CxjUqAO4.js            [39m[1m[2m    0.77 kB[22m[1m[22m[2m Ôöé gzip:   0.47 kB[22m
[2mdist/public/[22m[36massets/notificationSounds-DA3hpat-.js            [39m[1m[2m    0.80 kB[22m[1m[22m[2m Ôöé gzip:   0.50 kB[22m
[2mdist/public/[22m[36massets/checkbox-RL7p4RoO.js                      [39m[1m[2m    0.80 kB[22m[1m[22m[2m Ôöé gzip:   0.45 kB[22m
[2mdist/public/[22m[36massets/ClientSecurity-1PExnZui.js                [39m[1m[2m    0.81 kB[22m[1m[22m[2m Ôöé gzip:   0.45 kB[22m
[2mdist/public/[22m[36massets/ClientSavedSearches-Bw7SK4aS.js           [39m[1m[2m    0.82 kB[22m[1m[22m[2m Ôöé gzip:   0.46 kB[22m
[2mdist/public/[22m[36massets/OwnerSecurity-BA_Q8-Vq.js                 [39m[1m[2m    0.83 kB[22m[1m[22m[2m Ôöé gzip:   0.46 kB[22m
[2mdist/public/[22m[36massets/webVitals-e2QtWVyh.js                     [39m[1m[2m    0.84 kB[22m[1m[22m[2m Ôöé gzip:   0.45 kB[22m
[2mdist/public/[22m[36massets/scroll-area-oyLiGrHZ.js                   [39m[1m[2m    0.84 kB[22m[1m[22m[2m Ôöé gzip:   0.44 kB[22m
[2mdist/public/[22m[36massets/switch-CNTWuWzR.js                        [39m[1m[2m    0.85 kB[22m[1m[22m[2m Ôöé gzip:   0.45 kB[22m
[2mdist/public/[22m[36massets/radio-group-Dmu_dgmR.js                   [39m[1m[2m    0.88 kB[22m[1m[22m[2m Ôöé gzip:   0.48 kB[22m
[2mdist/public/[22m[36massets/slider-CfvFTewK.js                        [39m[1m[2m    0.94 kB[22m[1m[22m[2m Ôöé gzip:   0.52 kB[22m
[2mdist/public/[22m[36massets/badge-DCCV7ZNM.js                         [39m[1m[2m    1.13 kB[22m[1m[22m[2m Ôöé gzip:   0.54 kB[22m
[2mdist/public/[22m[36massets/tabs-BeZIUuC4.js                          [39m[1m[2m    1.26 kB[22m[1m[22m[2m Ôöé gzip:   0.53 kB[22m
[2mdist/public/[22m[36massets/photoUpload-BsN835EP.js                   [39m[1m[2m    1.31 kB[22m[1m[22m[2m Ôöé gzip:   0.67 kB[22m
[2mdist/public/[22m[36massets/ClientSelfieCamera-CA6HFpJ4.js            [39m[1m[2m    1.33 kB[22m[1m[22m[2m Ôöé gzip:   0.79 kB[22m
[2mdist/public/[22m[36massets/OwnerProfileCamera-CZ66i5pc.js            [39m[1m[2m    1.34 kB[22m[1m[22m[2m Ôöé gzip:   0.79 kB[22m
[2mdist/public/[22m[36massets/PageHeader-BS1kzM8d.js                    [39m[1m[2m    1.38 kB[22m[1m[22m[2m Ôöé gzip:   0.72 kB[22m
[2mdist/public/[22m[36massets/useOwnerClientPreferences-Bh4EuJ_3.js     [39m[1m[2m    1.41 kB[22m[1m[22m[2m Ôöé gzip:   0.67 kB[22m
[2mdist/public/[22m[36massets/PaymentCancel-Cq39K8km.js                 [39m[1m[2m    1.42 kB[22m[1m[22m[2m Ôöé gzip:   0.77 kB[22m
[2mdist/public/[22m[36massets/fileValidation-ZU7SwH1G.js                [39m[1m[2m    1.59 kB[22m[1m[22m[2m Ôöé gzip:   0.65 kB[22m
[2mdist/public/[22m[36massets/contactInfoValidation-CKR-tXgE.js         [39m[1m[2m    1.59 kB[22m[1m[22m[2m Ôöé gzip:   0.77 kB[22m
[2mdist/public/[22m[36massets/useSubscription-BPC0R7YF.js               [39m[1m[2m    1.72 kB[22m[1m[22m[2m Ôöé gzip:   0.64 kB[22m
[2mdist/public/[22m[36massets/filters-BhVcXdBY.js                       [39m[1m[2m    1.73 kB[22m[1m[22m[2m Ôöé gzip:   0.61 kB[22m
[2mdist/public/[22m[36massets/useListings-B6W8R7Mk.js                   [39m[1m[2m    1.79 kB[22m[1m[22m[2m Ôöé gzip:   0.86 kB[22m
[2mdist/public/[22m[36massets/useClientFilterPreferences-DyndlYTL.js    [39m[1m[2m    1.96 kB[22m[1m[22m[2m Ôöé gzip:   0.67 kB[22m
[2mdist/public/[22m[36massets/WelcomeNotification-BkTcOKd_.js           [39m[1m[2m    2.03 kB[22m[1m[22m[2m Ôöé gzip:   1.02 kB[22m
[2mdist/public/[22m[36massets/alert-dialog-CmH2Uv4J.js                  [39m[1m[2m    2.09 kB[22m[1m[22m[2m Ôöé gzip:   0.77 kB[22m
[2mdist/public/[22m[36massets/LanguageToggle-Dfwgl0gV.js                [39m[1m[2m    2.10 kB[22m[1m[22m[2m Ôöé gzip:   1.02 kB[22m
[2mdist/public/[22m[36massets/useAnonymousDrafts-CD1ZKmqe.js            [39m[1m[2m    2.13 kB[22m[1m[22m[2m Ôöé gzip:   0.87 kB[22m
[2mdist/public/[22m[36massets/LegalPage-Sn89l--g.js                     [39m[1m[2m    2.14 kB[22m[1m[22m[2m Ôöé gzip:   1.05 kB[22m
[2mdist/public/[22m[36massets/OwnerNewListing-DLt3pa4F.js               [39m[1m[2m    2.27 kB[22m[1m[22m[2m Ôöé gzip:   1.16 kB[22m
[2mdist/public/[22m[36massets/VisualEngine-DZ5g2Cuz.js                  [39m[1m[2m    2.30 kB[22m[1m[22m[2m Ôöé gzip:   1.19 kB[22m
[2mdist/public/[22m[36massets/useSwipe-BS3u-oBh.js                      [39m[1m[2m    2.34 kB[22m[1m[22m[2m Ôöé gzip:   0.90 kB[22m
[2mdist/public/[22m[36massets/sheet-DE75lYIX.js                         [39m[1m[2m    2.46 kB[22m[1m[22m[2m Ôöé gzip:   0.99 kB[22m
[2mdist/public/[22m[36massets/offlineSwipeQueue-Cx4MMM-M.js             [39m[1m[2m    2.48 kB[22m[1m[22m[2m Ôöé gzip:   1.11 kB[22m
[2mdist/public/[22m[36massets/DirectMessageDialog-DWIhDbOe.js           [39m[1m[2m    2.49 kB[22m[1m[22m[2m Ôöé gzip:   1.13 kB[22m
[2mdist/public/[22m[36massets/sounds-DjYVrR7P.js                        [39m[1m[2m    2.49 kB[22m[1m[22m[2m Ôöé gzip:   1.03 kB[22m
[2mdist/public/[22m[36massets/useSharing-C2ryyUWz.js                    [39m[1m[2m    2.60 kB[22m[1m[22m[2m Ôöé gzip:   1.14 kB[22m
[2mdist/public/[22m[36massets/react-query-CE1xLWkf.js                   [39m[1m[2m    2.73 kB[22m[1m[22m[2m Ôöé gzip:   1.26 kB[22m
[2mdist/public/[22m[36massets/dialog-B8FGuYPT.js                        [39m[1m[2m    2.75 kB[22m[1m[22m[2m Ôöé gzip:   1.12 kB[22m
[2mdist/public/[22m[36massets/select-DTzWXiOX.js                        [39m[1m[2m    3.11 kB[22m[1m[22m[2m Ôöé gzip:   1.16 kB[22m
[2mdist/public/[22m[36massets/OwnerClientSwipeDialog-CvXxlEcR.js        [39m[1m[2m    3.13 kB[22m[1m[22m[2m Ôöé gzip:   1.40 kB[22m
[2mdist/public/[22m[36massets/usePrefetchManager-DOr0sJPC.js            [39m[1m[2m    3.23 kB[22m[1m[22m[2m Ôöé gzip:   1.10 kB[22m
[2mdist/public/[22m[36massets/OwnerSettingsDialog-sMAdw4Xn.js           [39m[1m[2m    3.33 kB[22m[1m[22m[2m Ôöé gzip:   1.44 kB[22m
[2mdist/public/[22m[36massets/useClientProfile-B1n8nSs7.js              [39m[1m[2m    3.34 kB[22m[1m[22m[2m Ôöé gzip:   1.25 kB[22m
[2mdist/public/[22m[36massets/LandingBackgroundEffects-C5I0A_h-.js      [39m[1m[2m    3.47 kB[22m[1m[22m[2m Ôöé gzip:   1.55 kB[22m
[2mdist/public/[22m[36massets/PushNotificationPrompt-CjIxkD_t.js        [39m[1m[2m    3.50 kB[22m[1m[22m[2m Ôöé gzip:   1.42 kB[22m
[2mdist/public/[22m[36massets/NotFound-g-YVc3em.js                      [39m[1m[2m    3.72 kB[22m[1m[22m[2m Ôöé gzip:   1.55 kB[22m
[2mdist/public/[22m[36massets/PaymentSuccess-Jy_lLoPn.js                [39m[1m[2m    4.05 kB[22m[1m[22m[2m Ôöé gzip:   1.72 kB[22m
[2mdist/public/[22m[36massets/profileConstants-DzKwIKlH.js              [39m[1m[2m    4.23 kB[22m[1m[22m[2m Ôöé gzip:   1.83 kB[22m
[2mdist/public/[22m[36massets/StationDrawer-DDlTYWh2.js                 [39m[1m[2m    4.26 kB[22m[1m[22m[2m Ôöé gzip:   1.76 kB[22m
[2mdist/public/[22m[36massets/EscrowDashboard-k0qbsef-.js               [39m[1m[2m    4.29 kB[22m[1m[22m[2m Ôöé gzip:   1.61 kB[22m
[2mdist/public/[22m[36massets/GuidedTour-BYZcQPVj.js                    [39m[1m[2m    4.47 kB[22m[1m[22m[2m Ôöé gzip:   2.04 kB[22m
[2mdist/public/[22m[36massets/MessageConfirmationDialog-BmFO0OCM.js     [39m[1m[2m    4.65 kB[22m[1m[22m[2m Ôöé gzip:   1.82 kB[22m
[2mdist/public/[22m[36massets/PropertyImageGallery-DmShNY98.js          [39m[1m[2m    4.83 kB[22m[1m[22m[2m Ôöé gzip:   1.83 kB[22m
[2mdist/public/[22m[36massets/MatchCelebration-DkiIClqj.js              [39m[1m[2m    4.91 kB[22m[1m[22m[2m Ôöé gzip:   1.72 kB[22m
[2mdist/public/[22m[36massets/RatingSubmissionDialog-9xjlzkVE.js        [39m[1m[2m    5.11 kB[22m[1m[22m[2m Ôöé gzip:   2.14 kB[22m
[2mdist/public/[22m[36massets/matchCalculators-D9Zjlx-C.js              [39m[1m[2m    5.16 kB[22m[1m[22m[2m Ôöé gzip:   1.64 kB[22m
[2mdist/public/[22m[36massets/EnhancedOwnerDashboard-BpsO1lnL.js        [39m[1m[2m    5.29 kB[22m[1m[22m[2m Ôöé gzip:   2.16 kB[22m
[2mdist/public/[22m[36massets/FAQClientPage-CHhscj1Z.js                 [39m[1m[2m    5.30 kB[22m[1m[22m[2m Ôöé gzip:   2.24 kB[22m
[2mdist/public/[22m[36massets/filterStore-BslKvyQ5.js                   [39m[1m[2m    5.35 kB[22m[1m[22m[2m Ôöé gzip:   1.13 kB[22m
[2mdist/public/[22m[36massets/usePersistentReorder-ZC0yHwPa.js          [39m[1m[2m    5.57 kB[22m[1m[22m[2m Ôöé gzip:   2.19 kB[22m
[2mdist/public/[22m[36massets/FAQOwnerPage-CSRD9VyQ.js                  [39m[1m[2m    5.82 kB[22m[1m[22m[2m Ôöé gzip:   2.37 kB[22m
[2mdist/public/[22m[36massets/OwnerFiltersExplore-C1GUrh1r.js           [39m[1m[2m    6.15 kB[22m[1m[22m[2m Ôöé gzip:   2.40 kB[22m
[2mdist/public/[22m[36massets/RadioFavorites-DDcyVbWB.js                [39m[1m[2m    6.18 kB[22m[1m[22m[2m Ôöé gzip:   2.32 kB[22m
[2mdist/public/[22m[36massets/SubscriptionPackages-CgYEnfPw.js          [39m[1m[2m    6.30 kB[22m[1m[22m[2m Ôöé gzip:   2.42 kB[22m
[2mdist/public/[22m[36massets/AdvancedFilters-B98LjgQr.js               [39m[1m[2m    6.36 kB[22m[1m[22m[2m Ôöé gzip:   2.64 kB[22m
[2mdist/public/[22m[36massets/PhotoUploadManager-BfaMzHdK.js            [39m[1m[2m    6.66 kB[22m[1m[22m[2m Ôöé gzip:   2.82 kB[22m
[2mdist/public/[22m[36massets/SupportDialog-DAPF2pL0.js                 [39m[1m[2m    6.72 kB[22m[1m[22m[2m Ôöé gzip:   2.44 kB[22m
[2mdist/public/[22m[36massets/ShareDialog-CcbBtpcg.js                   [39m[1m[2m    6.81 kB[22m[1m[22m[2m Ôöé gzip:   2.28 kB[22m
[2mdist/public/[22m[36massets/ImageCarousel-CtagwUBB.js                 [39m[1m[2m    6.85 kB[22m[1m[22m[2m Ôöé gzip:   2.48 kB[22m
[2mdist/public/[22m[36massets/AboutPage-CczfcuJe.js                     [39m[1m[2m    6.85 kB[22m[1m[22m[2m Ôöé gzip:   1.98 kB[22m
[2mdist/public/[22m[36massets/OwnerSettingsNew-CvZ3bIDn.js              [39m[1m[2m    6.85 kB[22m[1m[22m[2m Ôöé gzip:   2.20 kB[22m
[2mdist/public/[22m[36massets/OwnerMotoClientDiscovery-C0mZ6OX8.js      [39m[1m[2m    6.88 kB[22m[1m[22m[2m Ôöé gzip:   2.61 kB[22m
[2mdist/public/[22m[36massets/EventosLikes-kLNqBZRU.js                  [39m[1m[2m    6.89 kB[22m[1m[22m[2m Ôöé gzip:   2.52 kB[22m
[2mdist/public/[22m[36massets/OwnerBicycleClientDiscovery-zhnv3Iel.js   [39m[1m[2m    6.90 kB[22m[1m[22m[2m Ôöé gzip:   2.61 kB[22m
[2mdist/public/[22m[36massets/AITestPage-CP2MfBs3.js                    [39m[1m[2m    7.06 kB[22m[1m[22m[2m Ôöé gzip:   2.63 kB[22m
[2mdist/public/[22m[36massets/ClientFilters-BFa8VOgc.js                 [39m[1m[2m    7.27 kB[22m[1m[22m[2m Ôöé gzip:   2.70 kB[22m
[2mdist/public/[22m[36massets/SavedSearches-DbOs4ieQ.js                 [39m[1m[2m    7.29 kB[22m[1m[22m[2m Ôöé gzip:   2.51 kB[22m
[2mdist/public/[22m[36massets/PropertyDetails-C2LXEtrd.js               [39m[1m[2m    7.36 kB[22m[1m[22m[2m Ôöé gzip:   2.51 kB[22m
[2mdist/public/[22m[36massets/ClientWhoLikedYou-CoQI_J7X.js             [39m[1m[2m    7.39 kB[22m[1m[22m[2m Ôöé gzip:   2.95 kB[22m
[2mdist/public/[22m[36massets/OwnerInterestedClients-BE4Dd66N.js        [39m[1m[2m    7.61 kB[22m[1m[22m[2m Ôöé gzip:   3.02 kB[22m
[2mdist/public/[22m[36massets/SwipeSoundSettings-B5bgSwBT.js            [39m[1m[2m    7.62 kB[22m[1m[22m[2m Ôöé gzip:   2.81 kB[22m
[2mdist/public/[22m[36massets/ui-tooltip-CB2va0oB.js                    [39m[1m[2m    7.70 kB[22m[1m[22m[2m Ôöé gzip:   2.82 kB[22m
[2mdist/public/[22m[36massets/OwnerPropertyClientDiscovery-nWFI2mkZ.js  [39m[1m[2m    7.73 kB[22m[1m[22m[2m Ôöé gzip:   2.92 kB[22m
[2mdist/public/[22m[36massets/NotificationsPage-CplmmlQ8.js             [39m[1m[2m    7.88 kB[22m[1m[22m[2m Ôöé gzip:   2.72 kB[22m
[2mdist/public/[22m[36massets/CategorySelectionDialog-DOE_oGnP.js       [39m[1m[2m    8.27 kB[22m[1m[22m[2m Ôöé gzip:   2.70 kB[22m
[2mdist/public/[22m[36massets/NotificationsDialog-Ddb5ZlHH.js           [39m[1m[2m    8.35 kB[22m[1m[22m[2m Ôöé gzip:   2.59 kB[22m
[2mdist/public/[22m[36massets/useSmartClientMatching-Dcy8F7FQ.js        [39m[1m[2m    8.62 kB[22m[1m[22m[2m Ôöé gzip:   3.11 kB[22m
[2mdist/public/[22m[36massets/RadioPlaylists-DPn2_EgE.js                [39m[1m[2m    8.73 kB[22m[1m[22m[2m Ôöé gzip:   2.56 kB[22m
[2mdist/public/[22m[36massets/PrivacyPolicy-BbCCxhAP.js                 [39m[1m[2m    8.99 kB[22m[1m[22m[2m Ôöé gzip:   2.62 kB[22m
[2mdist/public/[22m[36massets/ResetPassword-DfmmORwe.js                 [39m[1m[2m    9.09 kB[22m[1m[22m[2m Ôöé gzip:   3.02 kB[22m
[2mdist/public/[22m[36massets/ClientWorkerDiscovery-Dn0Yi3ua.js         [39m[1m[2m    9.34 kB[22m[1m[22m[2m Ôöé gzip:   3.36 kB[22m
[2mdist/public/[22m[36massets/useMessagingQuota-V6MinCTu.js             [39m[1m[2m    9.42 kB[22m[1m[22m[2m Ôöé gzip:   3.33 kB[22m
[2mdist/public/[22m[36massets/ui-dialogs-qw4DBqFo.js                    [39m[1m[2m    9.43 kB[22m[1m[22m[2m Ôöé gzip:   3.24 kB[22m
[2mdist/public/[22m[36massets/ClientContracts-hXqHYucc.js               [39m[1m[2m    9.54 kB[22m[1m[22m[2m Ôöé gzip:   2.60 kB[22m
[2mdist/public/[22m[36massets/AdminEventos-BbjJcZpL.js                  [39m[1m[2m    9.60 kB[22m[1m[22m[2m Ôöé gzip:   3.08 kB[22m
[2mdist/public/[22m[36massets/LegalDocumentsDialog-DFF1cWB2.js          [39m[1m[2m    9.68 kB[22m[1m[22m[2m Ôöé gzip:   3.34 kB[22m
[2mdist/public/[22m[36massets/WorkerClientFilters-C0sagnEG.js           [39m[1m[2m    9.75 kB[22m[1m[22m[2m Ôöé gzip:   2.56 kB[22m
[2mdist/public/[22m[36massets/useConversations-CDnMoXq1.js              [39m[1m[2m    9.76 kB[22m[1m[22m[2m Ôöé gzip:   2.94 kB[22m
[2mdist/public/[22m[36massets/OwnerProfileNew-Bv0ib6eC.js               [39m[1m[2m    9.78 kB[22m[1m[22m[2m Ôöé gzip:   3.15 kB[22m
[2mdist/public/[22m[36massets/PublicProfilePreview-DKOkBpWi.js          [39m[1m[2m    9.98 kB[22m[1m[22m[2m Ôöé gzip:   3.28 kB[22m
[2mdist/public/[22m[36massets/AISearchDialog-DzoHlrAj.js                [39m[1m[2m   10.10 kB[22m[1m[22m[2m Ôöé gzip:   3.79 kB[22m
[2mdist/public/[22m[36massets/react-router-pZXGp_F-.js                  [39m[1m[2m   10.32 kB[22m[1m[22m[2m Ôöé gzip:   3.84 kB[22m
[2mdist/public/[22m[36massets/RetroRadioStation-C76SEwKK.js             [39m[1m[2m   10.53 kB[22m[1m[22m[2m Ôöé gzip:   3.45 kB[22m
[2mdist/public/[22m[36massets/MaintenanceRequests-BSt51YuS.js           [39m[1m[2m   10.57 kB[22m[1m[22m[2m Ôöé gzip:   3.68 kB[22m
[2mdist/public/[22m[36massets/SubscriptionPackagesPage-C7Zy5kGy.js      [39m[1m[2m   10.61 kB[22m[1m[22m[2m Ôöé gzip:   3.48 kB[22m
[2mdist/public/[22m[36massets/TermsOfService-Cc1uCylt.js                [39m[1m[2m   10.61 kB[22m[1m[22m[2m Ôöé gzip:   3.02 kB[22m
[2mdist/public/[22m[36massets/DocumentVault-C1lMPRXk.js                 [39m[1m[2m   10.87 kB[22m[1m[22m[2m Ôöé gzip:   3.68 kB[22m
[2mdist/public/[22m[36massets/AGLPage-IBQxIh3T.js                       [39m[1m[2m   10.88 kB[22m[1m[22m[2m Ôöé gzip:   2.96 kB[22m
[2mdist/public/[22m[36massets/OwnerFilters-DuHJ2fYF.js                  [39m[1m[2m   11.53 kB[22m[1m[22m[2m Ôöé gzip:   3.27 kB[22m
[2mdist/public/[22m[36massets/DJTurntableRadio-DGuak-r2.js              [39m[1m[2m   11.60 kB[22m[1m[22m[2m Ôöé gzip:   3.55 kB[22m
[2mdist/public/[22m[36massets/useRatingSystem-DjzWd-IP.js               [39m[1m[2m   11.67 kB[22m[1m[22m[2m Ôöé gzip:   3.65 kB[22m
[2mdist/public/[22m[36massets/OwnerProfileDialog-DOifE2ed.js            [39m[1m[2m   11.73 kB[22m[1m[22m[2m Ôöé gzip:   3.72 kB[22m
[2mdist/public/[22m[36massets/ActivityFeed-BKpMpWQT.js                  [39m[1m[2m   11.80 kB[22m[1m[22m[2m Ôöé gzip:   4.58 kB[22m
[2mdist/public/[22m[36massets/OnboardingFlow-CKWawXNm.js                [39m[1m[2m   12.25 kB[22m[1m[22m[2m Ôöé gzip:   3.88 kB[22m
[2mdist/public/[22m[36massets/SimpleOwnerSwipeCard-BtmV4ZJI.js          [39m[1m[2m   12.38 kB[22m[1m[22m[2m Ôöé gzip:   4.14 kB[22m
[2mdist/public/[22m[36massets/ClientSettingsNew-Ci-t0Vo5.js             [39m[1m[2m   12.40 kB[22m[1m[22m[2m Ôöé gzip:   3.85 kB[22m
[2mdist/public/[22m[36massets/usePhotoCamera-RimvG_kU.js                [39m[1m[2m   12.43 kB[22m[1m[22m[2m Ôöé gzip:   4.53 kB[22m
[2mdist/public/[22m[36massets/ClientLawyerServices-Be8M67Ae.js          [39m[1m[2m   12.69 kB[22m[1m[22m[2m Ôöé gzip:   3.68 kB[22m
[2mdist/public/[22m[36massets/SavedSearchesDialog-CshDy00B.js           [39m[1m[2m   13.20 kB[22m[1m[22m[2m Ôöé gzip:   3.92 kB[22m
[2mdist/public/[22m[36massets/AccountSecurity-B-Pthknu.js               [39m[1m[2m   13.47 kB[22m[1m[22m[2m Ôöé gzip:   3.76 kB[22m
[2mdist/public/[22m[36massets/OwnerSavedSearches-C20gRk0V.js            [39m[1m[2m   13.58 kB[22m[1m[22m[2m Ôöé gzip:   3.96 kB[22m
[2mdist/public/[22m[36massets/MessageActivationPackages-dlhfgTby.js     [39m[1m[2m   13.62 kB[22m[1m[22m[2m Ôöé gzip:   4.65 kB[22m
[2mdist/public/[22m[36massets/EmbeddedLocationFilter-DDYndFVO.js        [39m[1m[2m   13.76 kB[22m[1m[22m[2m Ôöé gzip:   3.12 kB[22m
[2mdist/public/[22m[36massets/PropertyClientFilters-bi8mlrzS.js         [39m[1m[2m   13.97 kB[22m[1m[22m[2m Ôöé gzip:   3.30 kB[22m
[2mdist/public/[22m[36massets/OwnerContracts-BiIpHsBm.js                [39m[1m[2m   14.02 kB[22m[1m[22m[2m Ôöé gzip:   3.97 kB[22m
[2mdist/public/[22m[36massets/BicycleClientFilters-C4YXPaTS.js          [39m[1m[2m   14.07 kB[22m[1m[22m[2m Ôöé gzip:   3.20 kB[22m
[2mdist/public/[22m[36massets/capacitor-D26afZEZ.js                     [39m[1m[2m   14.62 kB[22m[1m[22m[2m Ôöé gzip:   5.60 kB[22m
[2mdist/public/[22m[36massets/PublicListingPreview-BDYUtmhR.js          [39m[1m[2m   14.68 kB[22m[1m[22m[2m Ôöé gzip:   4.11 kB[22m
[2mdist/public/[22m[36massets/ClientSwipeContainer-BPUIXLpj.js          [39m[1m[2m   14.81 kB[22m[1m[22m[2m Ôöé gzip:   5.56 kB[22m
[2mdist/public/[22m[36massets/ClientProfileNew-kln-JQIH.js              [39m[1m[2m   14.83 kB[22m[1m[22m[2m Ôöé gzip:   4.45 kB[22m
[2mdist/public/[22m[36massets/MockOwnersTestPage-TYd6MpBG.js            [39m[1m[2m   14.84 kB[22m[1m[22m[2m Ôöé gzip:   5.15 kB[22m
[2mdist/public/[22m[36massets/ConversationalListingCreator-C6q3f4DQ.js  [39m[1m[2m   14.86 kB[22m[1m[22m[2m Ôöé gzip:   5.29 kB[22m
[2mdist/public/[22m[36massets/OwnerLawyerServices-QMIgXCkz.js           [39m[1m[2m   15.00 kB[22m[1m[22m[2m Ôöé gzip:   4.05 kB[22m
[2mdist/public/[22m[36massets/MotoClientFilters-RonBi8VY.js             [39m[1m[2m   15.09 kB[22m[1m[22m[2m Ôöé gzip:   3.29 kB[22m
[2mdist/public/[22m[36massets/SwipeActionButtonBar-CXazrovL.js          [39m[1m[2m   17.01 kB[22m[1m[22m[2m Ôöé gzip:   4.42 kB[22m
[2mdist/public/[22m[36massets/WorkerListingForm-Ca_i7oDn.js             [39m[1m[2m   17.08 kB[22m[1m[22m[2m Ôöé gzip:   5.52 kB[22m
[2mdist/public/[22m[36massets/RoommateMatching-D1lNzgTn.js              [39m[1m[2m   17.58 kB[22m[1m[22m[2m Ôöé gzip:   5.55 kB[22m
[2mdist/public/[22m[36massets/useSwipeSounds-BwCxeVLU.js                [39m[1m[2m   20.38 kB[22m[1m[22m[2m Ôöé gzip:   6.95 kB[22m
[2mdist/public/[22m[36massets/utils-CyCIFleB.js                         [39m[1m[2m   20.91 kB[22m[1m[22m[2m Ôöé gzip:   7.13 kB[22m
[2mdist/public/[22m[36massets/date-utils-C_JWt2cu.js                    [39m[1m[2m   21.96 kB[22m[1m[22m[2m Ôöé gzip:   6.25 kB[22m
[2mdist/public/[22m[36massets/OwnerLikedClients-BI5YCEfz.js             [39m[1m[2m   23.38 kB[22m[1m[22m[2m Ôöé gzip:   6.86 kB[22m
[2mdist/public/[22m[36massets/explorer-XkoaKset.js                      [39m[1m[2m   23.54 kB[22m[1m[22m[2m Ôöé gzip:   5.93 kB[22m
[2mdist/public/[22m[36massets/OwnerViewClientProfile-CDL51Sbn.js        [39m[1m[2m   24.32 kB[22m[1m[22m[2m Ôöé gzip:   4.60 kB[22m
[2mdist/public/[22m[36massets/ClientProfileDialog-NhRxCmxg.js           [39m[1m[2m   25.79 kB[22m[1m[22m[2m Ôöé gzip:   5.86 kB[22m
[2mdist/public/[22m[36massets/forms-CesX0Var.js                         [39m[1m[2m   27.02 kB[22m[1m[22m[2m Ôöé gzip:   9.99 kB[22m
[2mdist/public/[22m[36massets/ClientLikedProperties-8DQ8IPFf.js         [39m[1m[2m   27.17 kB[22m[1m[22m[2m Ôöé gzip:   8.27 kB[22m
[2mdist/public/[22m[36massets/PropertyInsightsDialog-QHl_ZuSw.js        [39m[1m[2m   27.40 kB[22m[1m[22m[2m Ôöé gzip:   6.23 kB[22m
[2mdist/public/[22m[36massets/ui-dropdowns-DNaoHzQ0.js                  [39m[1m[2m   29.82 kB[22m[1m[22m[2m Ôöé gzip:   8.97 kB[22m
[2mdist/public/[22m[36massets/ClientInsightsDialog-Do5rZaSF.js          [39m[1m[2m   31.16 kB[22m[1m[22m[2m Ôöé gzip:   7.02 kB[22m
[2mdist/public/[22m[36massets/PromotionRequest-CTpraJ_D.js              [39m[1m[2m   32.15 kB[22m[1m[22m[2m Ôöé gzip:   7.53 kB[22m
[2mdist/public/[22m[36massets/TrumpsBadDay-B2hGD4_a.js                  [39m[1m[2m   33.34 kB[22m[1m[22m[2m Ôöé gzip:  10.95 kB[22m
[2mdist/public/[22m[36massets/AdvertisePage-Dalt48j4.js                 [39m[1m[2m   33.94 kB[22m[1m[22m[2m Ôöé gzip:   8.96 kB[22m
[2mdist/public/[22m[36massets/SwipeInsightsModal-1kdfTSm0.js            [39m[1m[2m   36.42 kB[22m[1m[22m[2m Ôöé gzip:   7.28 kB[22m
[2mdist/public/[22m[36massets/OwnerProperties-Rl2yoYwE.js               [39m[1m[2m   37.44 kB[22m[1m[22m[2m Ôöé gzip:   8.91 kB[22m
[2mdist/public/[22m[36massets/motion-i6ZonJCq.js                        [39m[1m[2m   40.52 kB[22m[1m[22m[2m Ôöé gzip:  14.52 kB[22m
[2mdist/public/[22m[36massets/MessagingDashboard-Df-D0xfM.js            [39m[1m[2m   43.67 kB[22m[1m[22m[2m Ôöé gzip:  12.21 kB[22m
[2mdist/public/[22m[36massets/OwnerListingCamera-Dw2RaShC.js            [39m[1m[2m   45.11 kB[22m[1m[22m[2m Ôöé gzip:  11.56 kB[22m
[2mdist/public/[22m[36massets/ClientDashboard-sa6QJj9F.js               [39m[1m[2m   52.61 kB[22m[1m[22m[2m Ôöé gzip:  15.59 kB[22m
[2mdist/public/[22m[36massets/validation-in3bCKCy.js                    [39m[1m[2m   52.97 kB[22m[1m[22m[2m Ôöé gzip:  12.11 kB[22m
[2mdist/public/[22m[36massets/data-locations-BXSFUUFf.js                [39m[1m[2m   54.33 kB[22m[1m[22m[2m Ôöé gzip:  19.12 kB[22m
[2mdist/public/[22m[36massets/ContractDocumentDialog-QavlLLBJ.js        [39m[1m[2m   64.82 kB[22m[1m[22m[2m Ôöé gzip:  15.41 kB[22m
[2mdist/public/[22m[36massets/AIListingAssistant-B2fA5s_a.js            [39m[1m[2m   71.15 kB[22m[1m[22m[2m Ôöé gzip:  18.53 kB[22m
[2mdist/public/[22m[36massets/ui-radix-Ds38FeE1.js                      [39m[1m[2m   79.56 kB[22m[1m[22m[2m Ôöé gzip:  23.08 kB[22m
[2mdist/public/[22m[36massets/PersistentDashboardLayout-CL8l15NC.js     [39m[1m[2m   82.19 kB[22m[1m[22m[2m Ôöé gzip:  23.43 kB[22m
[2mdist/public/[22m[36massets/icons-DINRpkK2.js                         [39m[1m[2m   84.17 kB[22m[1m[22m[2m Ôöé gzip:  15.71 kB[22m
[2mdist/public/[22m[36massets/feed-A6ym8lKc.js                          [39m[1m[2m   91.35 kB[22m[1m[22m[2m Ôöé gzip:  25.56 kB[22m
[2mdist/public/[22m[36massets/react-vendor-CQ975G8A.js                  [39m[1m[2m  142.24 kB[22m[1m[22m[2m Ôöé gzip:  45.55 kB[22m
[2mdist/public/[22m[36massets/supabase-C5t7By-Z.js                      [39m[1m[2m  158.84 kB[22m[1m[22m[2m Ôöé gzip:  41.92 kB[22m
[2mdist/public/[22m[36massets/index--2EJWJAz.js                         [39m[1m[2m  196.78 kB[22m[1m[22m[2m Ôöé gzip:  66.25 kB[22m
[2mdist/public/[22m[36massets/vendor-ChR9cE-N.js                        [39m[1m[33m1,178.63 kB[39m[22m[2m Ôöé gzip: 324.85 kB[22m
[33m
(!) Some chunks are larger than 1000 kB after minification. 
Consider:
- Using dynamic import() to code-split the application
- Use build.rollupOptions.output.manualChunks to improve 
chunking: https://rollupjs.org/configuration-options/#output
-manualchunks
- Adjust chunk size limit for this warning via 
build.chunkSizeWarningLimit.[39m
[build-version-injector] sw.js updated with version: 1774307813228
[32mÔ£ô built in 1m 41s[39m
