node_modules/@tanstack/query-core/build/legacy/focusManager.d.ts(6,5): error TS18028: Private identifiers are only available when targeting ECMAScript 2015 and higher.
node_modules/@tanstack/query-core/build/legacy/hydration-BlEVG2Lp.d.ts(9,5): error TS18028: Private identifiers are only available when targeting ECMAScript 2015 and higher.
node_modules/@tanstack/query-core/build/legacy/hydration-BlEVG2Lp.d.ts(115,5): error TS18028: Private identifiers are only available when targeting ECMAScript 2015 and higher.
node_modules/@tanstack/query-core/build/legacy/hydration-BlEVG2Lp.d.ts(156,5): error TS18028: Private identifiers are only available when targeting ECMAScript 2015 and higher.
node_modules/@tanstack/query-core/build/legacy/hydration-BlEVG2Lp.d.ts(205,5): error TS18028: Private identifiers are only available when targeting ECMAScript 2015 and higher.
node_modules/@tanstack/query-core/build/legacy/hydration-BlEVG2Lp.d.ts(266,5): error TS18028: Private identifiers are only available when targeting ECMAScript 2015 and higher.
node_modules/@tanstack/query-core/build/legacy/hydration-BlEVG2Lp.d.ts(427,5): error TS18028: Private identifiers are only available when targeting ECMAScript 2015 and higher.
node_modules/@tanstack/query-core/build/legacy/hydration-BlEVG2Lp.d.ts(444,5): error TS18028: Private identifiers are only available when targeting ECMAScript 2015 and higher.
node_modules/@tanstack/query-core/build/legacy/onlineManager.d.ts(6,5): error TS18028: Private identifiers are only available when targeting ECMAScript 2015 and higher.
node_modules/@tanstack/query-core/build/legacy/queriesObserver.d.ts(11,5): error TS18028: Private identifiers are only available when targeting ECMAScript 2015 and higher.
node_modules/@tanstack/query-core/build/legacy/removable.d.ts(2,5): error TS18028: Private identifiers are only available when targeting ECMAScript 2015 and higher.
node_modules/@tanstack/query-core/build/legacy/timeoutManager.d.ts(41,5): error TS18028: Private identifiers are only available when targeting ECMAScript 2015 and higher.
src/components/EnhancedOwnerDashboard.tsx(3,38): error TS2307: Cannot find module '@/components/ClientSwipeContainer' or its corresponding type declarations.
src/components/EnhancedOwnerDashboard.tsx(4,38): error TS2307: Cannot find module '@/components/ClientInsightsDialog' or its corresponding type declarations.
src/components/EnhancedOwnerDashboard.tsx(5,33): error TS2307: Cannot find module '@/components/NotificationBar' or its corresponding type declarations.
src/components/EnhancedOwnerDashboard.tsx(6,41): error TS2307: Cannot find module '@/components/CategorySelectionDialog' or its corresponding type declarations.
src/components/EnhancedOwnerDashboard.tsx(7,40): error TS2307: Cannot find module '@/hooks/useSmartMatching' or its corresponding type declarations.
src/components/EnhancedOwnerDashboard.tsx(8,25): error TS2307: Cannot find module '@/hooks/useAuth' or its corresponding type declarations.
src/components/EnhancedOwnerDashboard.tsx(9,39): error TS2307: Cannot find module '@/hooks/useNotificationSystem' or its corresponding type declarations.
src/components/EnhancedOwnerDashboard.tsx(60,5): error TS17004: Cannot use JSX unless the '--jsx' flag is provided.
src/components/EnhancedOwnerDashboard.tsx(61,7): error TS17004: Cannot use JSX unless the '--jsx' flag is provided.
src/components/EnhancedOwnerDashboard.tsx(67,7): error TS17004: Cannot use JSX unless the '--jsx' flag is provided.
src/components/EnhancedOwnerDashboard.tsx(79,9): error TS17004: Cannot use JSX unless the '--jsx' flag is provided.
src/components/EnhancedOwnerDashboard.tsx(86,7): error TS17004: Cannot use JSX unless the '--jsx' flag is provided.
src/components/PropertyManagement.tsx(2,35): error TS2307: Cannot find module '@/components/ui/card' or its corresponding type declarations.
src/components/PropertyManagement.tsx(3,24): error TS2307: Cannot find module '@/components/ui/button' or its corresponding type declarations.
src/components/PropertyManagement.tsx(4,23): error TS2307: Cannot find module '@/components/ui/badge' or its corresponding type declarations.
src/components/PropertyManagement.tsx(5,23): error TS2307: Cannot find module '@/components/ui/input' or its corresponding type declarations.
src/components/PropertyManagement.tsx(6,187): error TS2307: Cannot find module '@/components/ui/alert-dialog' or its corresponding type declarations.
src/components/PropertyManagement.tsx(7,34): error TS2307: Cannot find module '@/hooks/useListings' or its corresponding type declarations.
src/components/PropertyManagement.tsx(8,38): error TS2307: Cannot find module '@/hooks/useOwnerListingLikes' or its corresponding type declarations.
src/components/PropertyManagement.tsx(9,25): error TS2307: Cannot find module '@/hooks/useAuth' or its corresponding type declarations.
src/components/PropertyManagement.tsx(10,26): error TS2307: Cannot find module '@/hooks/useTheme' or its corresponding type declarations.
src/components/PropertyManagement.tsx(11,26): error TS2307: Cannot find module '@/integrations/supabase/client' or its corresponding type declarations.
src/components/PropertyManagement.tsx(12,23): error TS2307: Cannot find module '@/components/ui/sonner' or its corresponding type declarations.
src/components/PropertyManagement.tsx(15,38): error TS2307: Cannot find module '@/components/ListingPreviewDialog' or its corresponding type declarations.
src/components/PropertyManagement.tsx(16,36): error TS2307: Cannot find module '@/components/UnifiedListingForm' or its corresponding type declarations.
src/components/PropertyManagement.tsx(17,41): error TS2307: Cannot find module '@/components/CategorySelectionDialog' or its corresponding type declarations.
src/components/PropertyManagement.tsx(18,36): error TS2307: Cannot find module '@/components/OwnerListingsStats' or its corresponding type declarations.
src/components/PropertyManagement.tsx(19,29): error TS2307: Cannot find module '@/components/ShareDialog' or its corresponding type declarations.
src/components/PropertyManagement.tsx(20,36): error TS2307: Cannot find module '@/components/AIListingAssistant' or its corresponding type declarations.
src/components/PropertyManagement.tsx(22,20): error TS2307: Cannot find module '@/lib/utils' or its corresponding type declarations.
src/components/PropertyManagement.tsx(216,7): error TS17004: Cannot use JSX unless the '--jsx' flag is provided.
src/components/PropertyManagement.tsx(235,7): error TS17004: Cannot use JSX unless the '--jsx' flag is provided.
src/components/PropertyManagement.tsx(236,9): error TS17004: Cannot use JSX unless the '--jsx' flag is provided.
src/components/PropertyManagement.tsx(237,11): error TS17004: Cannot use JSX unless the '--jsx' flag is provided.
src/components/PropertyManagement.tsx(238,11): error TS17004: Cannot use JSX unless the '--jsx' flag is provided.
src/components/PropertyManagement.tsx(246,7): error TS17004: Cannot use JSX unless the '--jsx' flag is provided.
src/components/PropertyManagement.tsx(247,9): error TS17004: Cannot use JSX unless the '--jsx' flag is provided.
src/components/PropertyManagement.tsx(248,11): error TS17004: Cannot use JSX unless the '--jsx' flag is provided.
src/components/PropertyManagement.tsx(249,13): error TS17004: Cannot use JSX unless the '--jsx' flag is provided.
src/components/PropertyManagement.tsx(251,11): error TS17004: Cannot use JSX unless the '--jsx' flag is provided.
src/components/PropertyManagement.tsx(252,11): error TS17004: Cannot use JSX unless the '--jsx' flag is provided.
src/components/PropertyManagement.tsx(259,5): error TS17004: Cannot use JSX unless the '--jsx' flag is provided.
src/components/PropertyManagement.tsx(260,7): error TS17004: Cannot use JSX unless the '--jsx' flag is provided.
src/components/PropertyManagement.tsx(262,9): error TS17004: Cannot use JSX unless the '--jsx' flag is provided.
src/components/PropertyManagement.tsx(267,11): error TS17004: Cannot use JSX unless the '--jsx' flag is provided.
src/components/PropertyManagement.tsx(268,13): error TS17004: Cannot use JSX unless the '--jsx' flag is provided.
src/components/PropertyManagement.tsx(269,15): error TS17004: Cannot use JSX unless the '--jsx' flag is provided.
src/components/PropertyManagement.tsx(271,13): error TS17004: Cannot use JSX unless the '--jsx' flag is provided.
src/components/PropertyManagement.tsx(272,15): error TS17004: Cannot use JSX unless the '--jsx' flag is provided.
src/components/PropertyManagement.tsx(273,15): error TS17004: Cannot use JSX unless the '--jsx' flag is provided.
src/components/PropertyManagement.tsx(276,11): error TS17004: Cannot use JSX unless the '--jsx' flag is provided.
src/components/PropertyManagement.tsx(277,13): error TS17004: Cannot use JSX unless the '--jsx' flag is provided.
src/components/PropertyManagement.tsx(282,15): error TS17004: Cannot use JSX unless the '--jsx' flag is provided.
src/components/PropertyManagement.tsx(283,15): error TS17004: Cannot use JSX unless the '--jsx' flag is provided.
src/components/PropertyManagement.tsx(285,13): error TS17004: Cannot use JSX unless the '--jsx' flag is provided.
src/components/PropertyManagement.tsx(289,15): error TS17004: Cannot use JSX unless the '--jsx' flag is provided.
src/components/PropertyManagement.tsx(290,15): error TS17004: Cannot use JSX unless the '--jsx' flag is provided.
src/components/PropertyManagement.tsx(296,9): error TS17004: Cannot use JSX unless the '--jsx' flag is provided.
src/components/PropertyManagement.tsx(299,9): error TS17004: Cannot use JSX unless the '--jsx' flag is provided.
src/components/PropertyManagement.tsx(304,11): error TS17004: Cannot use JSX unless the '--jsx' flag is provided.
src/components/PropertyManagement.tsx(305,11): error TS17004: Cannot use JSX unless the '--jsx' flag is provided.
src/components/PropertyManagement.tsx(314,9): error TS17004: Cannot use JSX unless the '--jsx' flag is provided.
src/components/PropertyManagement.tsx(316,13): error TS17004: Cannot use JSX unless the '--jsx' flag is provided.
src/components/PropertyManagement.tsx(326,15): error TS17004: Cannot use JSX unless the '--jsx' flag is provided.
src/components/PropertyManagement.tsx(327,15): error TS17004: Cannot use JSX unless the '--jsx' flag is provided.
src/components/PropertyManagement.tsx(328,15): error TS17004: Cannot use JSX unless the '--jsx' flag is provided.
src/components/PropertyManagement.tsx(334,9): error TS17004: Cannot use JSX unless the '--jsx' flag is provided.
src/components/PropertyManagement.tsx(336,13): error TS17004: Cannot use JSX unless the '--jsx' flag is provided.
src/components/PropertyManagement.tsx(344,17): error TS17004: Cannot use JSX unless the '--jsx' flag is provided.
src/components/PropertyManagement.tsx(350,19): error TS17004: Cannot use JSX unless the '--jsx' flag is provided.
src/components/PropertyManagement.tsx(352,21): error TS17004: Cannot use JSX unless the '--jsx' flag is provided.
src/components/PropertyManagement.tsx(354,25): error TS17004: Cannot use JSX unless the '--jsx' flag is provided.
src/components/PropertyManagement.tsx(360,25): error TS17004: Cannot use JSX unless the '--jsx' flag is provided.
src/components/PropertyManagement.tsx(361,27): error TS17004: Cannot use JSX unless the '--jsx' flag is provided.
src/components/PropertyManagement.tsx(366,23): error TS17004: Cannot use JSX unless the '--jsx' flag is provided.
src/components/PropertyManagement.tsx(367,25): error TS17004: Cannot use JSX unless the '--jsx' flag is provided.
src/components/PropertyManagement.tsx(380,29): error TS17004: Cannot use JSX unless the '--jsx' flag is provided.
src/components/PropertyManagement.tsx(381,31): error TS17004: Cannot use JSX unless the '--jsx' flag is provided.
src/components/PropertyManagement.tsx(382,33): error TS17004: Cannot use JSX unless the '--jsx' flag is provided.
src/components/PropertyManagement.tsx(392,23): error TS17004: Cannot use JSX unless the '--jsx' flag is provided.
src/components/PropertyManagement.tsx(393,25): error TS17004: Cannot use JSX unless the '--jsx' flag is provided.
src/components/PropertyManagement.tsx(394,27): error TS17004: Cannot use JSX unless the '--jsx' flag is provided.
src/components/PropertyManagement.tsx(398,29): error TS17004: Cannot use JSX unless the '--jsx' flag is provided.
src/components/PropertyManagement.tsx(404,21): error TS17004: Cannot use JSX unless the '--jsx' flag is provided.
src/components/PropertyManagement.tsx(406,23): error TS17004: Cannot use JSX unless the '--jsx' flag is provided.
src/components/PropertyManagement.tsx(407,25): error TS17004: Cannot use JSX unless the '--jsx' flag is provided.
src/components/PropertyManagement.tsx(409,27): error TS17004: Cannot use JSX unless the '--jsx' flag is provided.
src/components/PropertyManagement.tsx(410,29): error TS17004: Cannot use JSX unless the '--jsx' flag is provided.
src/components/PropertyManagement.tsx(411,29): error TS17004: Cannot use JSX unless the '--jsx' flag is provided.
src/components/PropertyManagement.tsx(420,25): error TS17004: Cannot use JSX unless the '--jsx' flag is provided.
src/components/PropertyManagement.tsx(426,23): error TS17004: Cannot use JSX unless the '--jsx' flag is provided.
src/components/PropertyManagement.tsx(428,27): error TS17004: Cannot use JSX unless the '--jsx' flag is provided.
src/components/PropertyManagement.tsx(431,27): error TS17004: Cannot use JSX unless the '--jsx' flag is provided.
src/components/PropertyManagement.tsx(434,27): error TS17004: Cannot use JSX unless the '--jsx' flag is provided.
src/components/PropertyManagement.tsx(439,23): error TS17004: Cannot use JSX unless the '--jsx' flag is provided.
src/components/PropertyManagement.tsx(440,25): error TS17004: Cannot use JSX unless the '--jsx' flag is provided.
src/components/PropertyManagement.tsx(445,27): error TS17004: Cannot use JSX unless the '--jsx' flag is provided.
src/components/PropertyManagement.tsx(446,27): error TS17004: Cannot use JSX unless the '--jsx' flag is provided.
src/components/PropertyManagement.tsx(447,27): error TS17004: Cannot use JSX unless the '--jsx' flag is provided.
src/components/PropertyManagement.tsx(448,27): error TS17004: Cannot use JSX unless the '--jsx' flag is provided.
src/components/PropertyManagement.tsx(449,27): error TS17004: Cannot use JSX unless the '--jsx' flag is provided.
src/components/PropertyManagement.tsx(450,27): error TS17004: Cannot use JSX unless the '--jsx' flag is provided.
src/components/PropertyManagement.tsx(455,23): error TS17004: Cannot use JSX unless the '--jsx' flag is provided.
src/components/PropertyManagement.tsx(456,25): error TS17004: Cannot use JSX unless the '--jsx' flag is provided.
src/components/PropertyManagement.tsx(462,27): error TS17004: Cannot use JSX unless the '--jsx' flag is provided.
src/components/PropertyManagement.tsx(464,25): error TS17004: Cannot use JSX unless the '--jsx' flag is provided.
src/components/PropertyManagement.tsx(470,27): error TS17004: Cannot use JSX unless the '--jsx' flag is provided.
src/components/PropertyManagement.tsx(472,25): error TS17004: Cannot use JSX unless the '--jsx' flag is provided.
src/components/PropertyManagement.tsx(478,27): error TS17004: Cannot use JSX unless the '--jsx' flag is provided.
src/components/PropertyManagement.tsx(480,25): error TS17004: Cannot use JSX unless the '--jsx' flag is provided.
src/components/PropertyManagement.tsx(481,27): error TS17004: Cannot use JSX unless the '--jsx' flag is provided.
src/components/PropertyManagement.tsx(482,29): error TS17004: Cannot use JSX unless the '--jsx' flag is provided.
src/components/PropertyManagement.tsx(487,31): error TS17004: Cannot use JSX unless the '--jsx' flag is provided.
src/components/PropertyManagement.tsx(490,27): error TS17004: Cannot use JSX unless the '--jsx' flag is provided.
src/components/PropertyManagement.tsx(491,29): error TS17004: Cannot use JSX unless the '--jsx' flag is provided.
src/components/PropertyManagement.tsx(492,31): error TS17004: Cannot use JSX unless the '--jsx' flag is provided.
src/components/PropertyManagement.tsx(493,31): error TS17004: Cannot use JSX unless the '--jsx' flag is provided.
src/components/PropertyManagement.tsx(497,29): error TS17004: Cannot use JSX unless the '--jsx' flag is provided.
src/components/PropertyManagement.tsx(498,31): error TS17004: Cannot use JSX unless the '--jsx' flag is provided.
src/components/PropertyManagement.tsx(499,31): error TS17004: Cannot use JSX unless the '--jsx' flag is provided.
src/components/PropertyManagement.tsx(515,13): error TS17004: Cannot use JSX unless the '--jsx' flag is provided.
src/components/PropertyManagement.tsx(521,15): error TS17004: Cannot use JSX unless the '--jsx' flag is provided.
src/components/PropertyManagement.tsx(522,17): error TS17004: Cannot use JSX unless the '--jsx' flag is provided.
src/components/PropertyManagement.tsx(523,19): error TS17004: Cannot use JSX unless the '--jsx' flag is provided.
src/components/PropertyManagement.tsx(525,23): error TS17004: Cannot use JSX unless the '--jsx' flag is provided.
src/components/PropertyManagement.tsx(527,23): error TS17004: Cannot use JSX unless the '--jsx' flag is provided.
src/components/PropertyManagement.tsx(530,19): error TS17004: Cannot use JSX unless the '--jsx' flag is provided.
src/components/PropertyManagement.tsx(533,19): error TS17004: Cannot use JSX unless the '--jsx' flag is provided.
src/components/PropertyManagement.tsx(539,21): error TS17004: Cannot use JSX unless the '--jsx' flag is provided.
src/components/PropertyManagement.tsx(543,23): error TS17004: Cannot use JSX unless the '--jsx' flag is provided.
src/components/PropertyManagement.tsx(555,7): error TS17004: Cannot use JSX unless the '--jsx' flag is provided.
src/components/PropertyManagement.tsx(563,7): error TS17004: Cannot use JSX unless the '--jsx' flag is provided.
src/components/PropertyManagement.tsx(569,7): error TS17004: Cannot use JSX unless the '--jsx' flag is provided.
src/components/PropertyManagement.tsx(578,7): error TS17004: Cannot use JSX unless the '--jsx' flag is provided.
src/components/PropertyManagement.tsx(589,7): error TS17004: Cannot use JSX unless the '--jsx' flag is provided.
src/pages/OwnerProperties.tsx(3,36): error TS2307: Cannot find module '@/components/PropertyManagement' or its corresponding type declarations.
src/pages/OwnerProperties.tsx(7,26): error TS2307: Cannot find module '@/hooks/useTheme' or its corresponding type declarations.
src/pages/OwnerProperties.tsx(36,5): error TS17004: Cannot use JSX unless the '--jsx' flag is provided.
src/pages/OwnerProperties.tsx(37,7): error TS17004: Cannot use JSX unless the '--jsx' flag is provided.
src/pages/OwnerProperties.tsx(38,9): error TS17004: Cannot use JSX unless the '--jsx' flag is provided.
src/pages/OwnerProperties.tsx(43,11): error TS17004: Cannot use JSX unless the '--jsx' flag is provided.
src/pages/OwnerProperties.tsx(46,9): error TS17004: Cannot use JSX unless the '--jsx' flag is provided.
